// Jest Snapshot v1, https://goo.gl/fbAQLP

exports[`PickTab capturing Snapshot of PickTab 1`] = `<div />`;
