// Jest Snapshot v1, https://goo.gl/fbAQLP

exports[`Cell captures snapshot of Cell 1`] = `
<div
  className="cell"
/>
`;
