// Jest Snapshot v1, https://goo.gl/fbAQLP

exports[`Bundle capturing Snapshot of Bundle 1`] = `
<div>
  <withRouter(Connect(ItemBundlesTabs))
    bundleId="some id"
    isNewBundle={false}
  />
</div>
`;
