// Jest Snapshot v1, https://goo.gl/fbAQLP

exports[`SearchSection capturing Snapshot of SearchSection 1`] = `
<div
  className="searchSection"
>
  <Row>
    <Col
      lg={1}
      md={1}
      sm={1}
      xs={2}
    />
    <Col
      lg={2}
      md={3}
      sm={3}
      xs={3}
    >
      <Input
        disabled={false}
        onChange={[Function]}
        placeholder="Filter name.."
        prefixCls="ant-input"
        size="default"
        type="text"
      />
    </Col>
    <Col
      lg={true}
      md={true}
      sm={true}
      xs={true}
    >
      <Button
        className="saveFilterButton"
        onClick={[Function]}
        size="default"
      >
        Save
      </Button>
    </Col>
  </Row>
  <FilterRow
    filterColumns={
      Array [
        Object {
          "displayName": "Inventory",
          "id": 1,
          "isDefault": false,
          "order": "first order",
        },
        Object {
          "displayName": "Price lists",
          "id": 2,
          "isDefault": true,
          "order": "second order",
        },
      ]
    }
    handleAddFilterRow={[Function]}
    handleChangeColumn={[Function]}
    handleChangeColumnAvailableValue={[Function]}
    handleChangeLogicalOperator={[Function]}
    handleChangeRelationalOperator={[Function]}
    handleDatePickerChange={[Function]}
    handleDeleteFilterRow={[Function]}
    handleFilterInputChange={[Function]}
    key="0"
    rowData={
      Object {
        "columnId": null,
        "id": 0,
        "logicalOpId": null,
        "relationalOpId": 1,
        "value": "Some value",
      }
    }
    rowIndex={0}
  />
</div>
`;
