// Jest Snapshot v1, https://goo.gl/fbAQLP

exports[`ZonesTab capturing Snapshot of ZonesTab 1`] = `
<div>
  <ReduxForm
    buttonVisible={false}
    fields={
      Array [
        Object {
          "editableForExistingItem": true,
          "header": "Zone Name",
          "name": "name",
          "type": "text",
        },
        Object {
          "editableForExistingItem": false,
          "header": "Zone Type",
          "menuItems": Array [],
          "name": "type",
          "type": "select",
        },
      ]
    }
    handleSave={[Function]}
    handleToggleModal={[Function]}
    initialValues={
      Object {
        "name": "",
        "type": "",
      }
    }
    loading={false}
    title="New Zone"
    visible={false}
  />
  <Row
    between="xs"
    middle="xs"
    style={
      Object {
        "marginBottom": "1rem",
      }
    }
  >
    <Col
      lg={4}
      md={6}
      xs={true}
    >
      <Select
        choiceTransitionName="zoom"
        className="select"
        onChange={[Function]}
        placeholder="Location"
        prefixCls="ant-select"
        showSearch={false}
        transitionName="slide-up"
      />
    </Col>
    <Col
      lg={true}
    >
      <ActionButton
        disabled={true}
        onClick={[Function]}
        style={
          Object {
            "float": "right",
          }
        }
      >
        New Zone
      </ActionButton>
    </Col>
  </Row>
  <Spin
    prefixCls="ant-spin"
    size="default"
    spinning={false}
    wrapperClassName=""
  >
    <Table
      bordered={false}
      className="table"
      columns={
        Array [
          Object {
            "dataIndex": "name",
            "title": "ZONE NAME",
          },
          Object {
            "dataIndex": "typeDescription",
            "title": "ZONE TYPE",
          },
          Object {
            "render": [Function],
            "title": "ACTION",
          },
        ]
      }
      dataSource={Array []}
      indentSize={20}
      loading={false}
      locale={Object {}}
      prefixCls="ant-table"
      rowKey="id"
      rowSelection={null}
      showHeader={true}
      size="small"
      useFixedHeader={false}
    />
  </Spin>
</div>
`;
