// Jest Snapshot v1, https://goo.gl/fbAQLP

exports[`ReturnsTab capturing Snapshot of ReturnsTab 1`] = `
<div>
  <h1>
    Orders
  </h1>
</div>
`;
