// Jest Snapshot v1, https://goo.gl/fbAQLP

exports[`GridSelect captures snapshot of GridSelect 1`] = `
<div
  className="gridSelect ant-select ant-select-enabled"
  onBlur={[Function]}
  onClick={[Function]}
  onFocus={[Function]}
  onMouseDown={[Function]}
  onMouseEnter={undefined}
  onMouseLeave={undefined}
  onTouchStart={[Function]}
  style={undefined}
>
  <div
    aria-autocomplete="list"
    aria-expanded={false}
    aria-haspopup="true"
    className="ant-select-selection
            ant-select-selection--single"
    onKeyDown={[Function]}
    role="combobox"
    tabIndex={0}
  >
    <div
      className="ant-select-selection__rendered"
    >
      <div
        className="ant-select-selection-selected-value"
        style={
          Object {
            "display": "block",
            "opacity": 1,
          }
        }
        title="1"
      >
        1
      </div>
      <div
        className="ant-select-search ant-select-search--inline"
        style={
          Object {
            "display": "none",
          }
        }
      >
        <div
          className="ant-select-search__field__wrap"
        >
          <input
            autoComplete="off"
            className="ant-select-search__field"
            disabled={false}
            id={undefined}
            onChange={[Function]}
            onKeyDown={[Function]}
            value=""
          />
          <span
            className="ant-select-search__field__mirror"
          >
            
            Â 
          </span>
        </div>
      </div>
    </div>
    <span
      className="ant-select-arrow"
      onClick={[Function]}
      style={
        Object {
          "WebkitUserSelect": "none",
          "userSelect": "none",
        }
      }
      unselectable="unselectable"
    >
      <b />
    </span>
  </div>
</div>
`;
